(*config.Config)({
 Allow: ([]string) (len=3 cap=3) {
  (string) (len=3) "one",
  (string) (len=3) "two",
  (string) (len=10) "three/four"
 },
 Deny: ([]string) <nil>,
 Override: (map[string]string) <nil>,
 Translate: (map[string]string) <nil>
})
